// Jest Snapshot v1, https://goo.gl/fbAQLP

exports[`Heading should render correctly 1`] = `
<div>
  <h1
    class="font-bold text-3xl dark:text-slate-100"
  >
    Heading
  </h1>
</div>
`;
